-----BEGIN CERTIFICATE-----
bGFwdG9wLXRpamVcdGlqZXYNCjIxLzEwLzIwMjMgMTg6MDA6NTksNDIgDQotLS0t
LS0tLS0tLS0tLS0tLS0tLS0tLS0tLS0tLS0tLS0tLS0tLS0tLS0tLS0tLS0tIA0K
VXNlciBTdG9yaWVzIChUZXN0c1xGZWF0dXJlXFVzZXJTdG9yaWVzKQogW3hdIFJF
UTIgUHVibGljQ2F0ZWdvcnlQYWdlCiBbeF0gUkVRNCBEaXNjb3VudGVkUHJpY2VP
bk1vZGVsCiBbeF0gUkVRNCBEaXNjb3VudGVkUHJpY2VJbkhUTUwKIFt4XSBSRVE2
IE9yZGVyU3RhdHVzRXhpc3RzCiBbeF0gUkVRNyBPcmRlclN0YXR1c0NoYW5nZXMK
IFt4XSBSRVE5IFByb2R1Y3RFZGl0SGFzRGlzY291bnQKIFt4XSBSRVExMCBQcm9k
dWN0RWRpdENvbnRhaW5zQ2F0ZWdvcnkKIFt4XSBSRVExMWEgQ2F0ZWdvcnlQYWdl
SGFzUHJvZHVjdHMKCi0tLS0tLS0tLS0tLS0tLS0tLS0tLS0tLS0tLS0tLS0tLS0t
LS0tLS0tLS0tLS0tLS0gDQpQSFBVbml0IDkuNi4xMSBieSBTZWJhc3RpYW4gQmVy
Z21hbm4gYW5kIGNvbnRyaWJ1dG9ycy4KCi4uLi4uLi4uICAgICAgICAgICAgICAg
ICAgICAgICAgICAgICAgICAgICAgICAgICAgICAgICAgICAgICAgICAgICAgOCAv
IDggKDEwMCUpDQoNClRpbWU6IDAwOjAwLjQwOCwgTWVtb3J5OiAyNi4wMCBNQg0K
DQpPSyAoOCB0ZXN0cywgMTcgYXNzZXJ0aW9ucykNCg==
-----END CERTIFICATE-----
